-- UTL_RAW regression tests
-- Covers normal usage and boundary conditions for all six functions.
CREATE EXTENSION IF NOT EXISTS orafce;
CREATE EXTENSION IF NOT EXISTS orafce_ext;
SET search_path = oracle, public;
\pset null '(null)'
-- ============================================================
-- utl_raw.cast_to_raw(text) → raw
-- ============================================================
-- basic ASCII string
SELECT utl_raw.cast_to_raw('abc');
 cast_to_raw 
-------------
 \x616263
(1 row)

-- single ASCII byte
SELECT utl_raw.cast_to_raw('A');
 cast_to_raw 
-------------
 \x41
(1 row)

-- empty string → empty raw
SELECT utl_raw.cast_to_raw('');
 cast_to_raw 
-------------
 \x
(1 row)

-- NULL → NULL (STRICT)
SELECT utl_raw.cast_to_raw(NULL::text);
 cast_to_raw 
-------------
 (null)
(1 row)

-- space character
SELECT utl_raw.cast_to_raw(' ');
 cast_to_raw 
-------------
 \x20
(1 row)

-- oracle.varchar2 input (implicit cast to text via orafce)
SELECT utl_raw.cast_to_raw('abc'::varchar2);
 cast_to_raw 
-------------
 \x616263
(1 row)

-- multibyte UTF-8: 你 = U+4F60 = E4 BD A0
SELECT utl_raw.cast_to_raw('你');
 cast_to_raw 
-------------
 \xe4bda0
(1 row)

-- multibyte UTF-8: two characters 你好 = E4BDA0 E5A5BD
SELECT utl_raw.cast_to_raw('你好');
  cast_to_raw   
----------------
 \xe4bda0e5a5bd
(1 row)

-- ============================================================
-- utl_raw.cast_to_varchar2(raw) → text
-- ============================================================
-- basic ASCII bytes
SELECT utl_raw.cast_to_varchar2('\x616263'::raw);
 cast_to_varchar2 
------------------
 abc
(1 row)

-- single byte
SELECT utl_raw.cast_to_varchar2('\x41'::raw);
 cast_to_varchar2 
------------------
 A
(1 row)

-- empty raw → empty text
SELECT utl_raw.cast_to_varchar2('\x'::raw);
 cast_to_varchar2 
------------------
 
(1 row)

-- NULL → NULL (STRICT)
SELECT utl_raw.cast_to_varchar2(NULL::raw);
 cast_to_varchar2 
------------------
 (null)
(1 row)

-- round-trip: cast_to_raw then cast_to_varchar2
SELECT utl_raw.cast_to_varchar2(utl_raw.cast_to_raw('hello'));
 cast_to_varchar2 
------------------
 hello
(1 row)

-- multibyte round-trip: 你好
SELECT utl_raw.cast_to_varchar2(utl_raw.cast_to_raw('你好'));
 cast_to_varchar2 
------------------
 你好
(1 row)

-- ============================================================
-- utl_raw.length(raw) → integer
-- ============================================================
-- 3-byte ASCII
SELECT utl_raw.length('\x616263'::raw);
 length 
--------
      3
(1 row)

-- 1 byte
SELECT utl_raw.length('\x41'::raw);
 length 
--------
      1
(1 row)

-- empty raw → 0
SELECT utl_raw.length('\x'::raw);
 length 
--------
      0
(1 row)

-- null byte is a valid byte
SELECT utl_raw.length('\x00'::raw);
 length 
--------
      1
(1 row)

-- NULL → NULL (STRICT)
SELECT utl_raw.length(NULL::raw);
 length 
--------
 (null)
(1 row)

-- 4 bytes
SELECT utl_raw.length('\x61626364'::raw);
 length 
--------
      4
(1 row)

-- multibyte: 你 is 3 bytes in UTF-8
SELECT utl_raw.length(utl_raw.cast_to_raw('你'));
 length 
--------
      3
(1 row)

-- multibyte: 你好 is 6 bytes in UTF-8
SELECT utl_raw.length(utl_raw.cast_to_raw('你好'));
 length 
--------
      6
(1 row)

-- ============================================================
-- utl_raw.substr(raw, pos [, len]) → raw
-- ============================================================
-- Test data: '\x616263' = abc (3 bytes)
-- Test data: '\x6162636465' = abcde (5 bytes)
-- first byte
SELECT utl_raw.substr('\x616263'::raw, 1, 1);
 substr 
--------
 \x61
(1 row)

-- first two bytes
SELECT utl_raw.substr('\x616263'::raw, 1, 2);
 substr 
--------
 \x6162
(1 row)

-- all bytes (len = total length)
SELECT utl_raw.substr('\x616263'::raw, 1, 3);
  substr  
----------
 \x616263
(1 row)

-- from pos 1 to end (no len)
SELECT utl_raw.substr('\x616263'::raw, 1);
  substr  
----------
 \x616263
(1 row)

-- from pos 2 to end
SELECT utl_raw.substr('\x616263'::raw, 2);
 substr 
--------
 \x6263
(1 row)

-- from pos 3 to end (last byte only)
SELECT utl_raw.substr('\x616263'::raw, 3);
 substr 
--------
 \x63
(1 row)

-- last byte using positive pos
SELECT utl_raw.substr('\x616263'::raw, 3, 1);
 substr 
--------
 \x63
(1 row)

-- len > remaining bytes → clamped to end
SELECT utl_raw.substr('\x616263'::raw, 2, 100);
 substr 
--------
 \x6263
(1 row)

-- middle slice of 5-byte value
SELECT utl_raw.substr('\x6162636465'::raw, 2, 3);
  substr  
----------
 \x626364
(1 row)

-- negative pos: last byte
SELECT utl_raw.substr('\x616263'::raw, -1, 1);
 substr 
--------
 \x63
(1 row)

-- negative pos: last 2 bytes
SELECT utl_raw.substr('\x616263'::raw, -2, 2);
 substr 
--------
 \x6263
(1 row)

-- negative pos = -length: equivalent to pos=1
SELECT utl_raw.substr('\x616263'::raw, -3, 1);
 substr 
--------
 \x61
(1 row)

-- negative pos to end (no len)
SELECT utl_raw.substr('\x616263'::raw, -2);
 substr 
--------
 \x6263
(1 row)

-- single-byte input: pos=1
SELECT utl_raw.substr('\x41'::raw, 1, 1);
 substr 
--------
 \x41
(1 row)

-- single-byte input: pos=-1 (same as pos=1 for 1-byte input)
SELECT utl_raw.substr('\x41'::raw, -1, 1);
 substr 
--------
 \x41
(1 row)

-- single-byte input: to end
SELECT utl_raw.substr('\x41'::raw, 1);
 substr 
--------
 \x41
(1 row)

-- NULL r → NULL
SELECT utl_raw.substr(NULL::raw, 1, 2);
 substr 
--------
 (null)
(1 row)

-- NULL pos → NULL
SELECT utl_raw.substr('\x616263'::raw, NULL::integer, 2);
 substr 
--------
 (null)
(1 row)

-- NULL len → to end (same as omitting len)
SELECT utl_raw.substr('\x616263'::raw, 1, NULL::integer);
  substr  
----------
 \x616263
(1 row)

-- error: pos = 0 (forbidden by Oracle semantics)
SELECT utl_raw.substr('\x616263'::raw, 0, 1);
ERROR:  UTL_RAW.SUBSTR: "pos" is out of range
-- error: pos > length
SELECT utl_raw.substr('\x616263'::raw, 4, 1);
ERROR:  UTL_RAW.SUBSTR: "pos" is out of range
-- error: pos < -length
SELECT utl_raw.substr('\x616263'::raw, -4, 1);
ERROR:  UTL_RAW.SUBSTR: "pos" is out of range
-- error: len = 0
SELECT utl_raw.substr('\x616263'::raw, 1, 0);
ERROR:  UTL_RAW.SUBSTR: "len" must be at least 1
-- error: len < 0
SELECT utl_raw.substr('\x616263'::raw, 1, -1);
ERROR:  UTL_RAW.SUBSTR: "len" must be at least 1
-- error: empty input
SELECT utl_raw.substr('\x'::raw, 1);
ERROR:  UTL_RAW.SUBSTR: input RAW is empty
-- ============================================================
-- utl_raw.concat(VARIADIC raw[]) → raw
-- ============================================================
-- single argument
SELECT utl_raw.concat('\x616263'::raw);
  concat  
----------
 \x616263
(1 row)

-- two arguments
SELECT utl_raw.concat('\x61'::raw, '\x62'::raw);
 concat 
--------
 \x6162
(1 row)

-- three arguments
SELECT utl_raw.concat('\x61'::raw, '\x62'::raw, '\x63'::raw);
  concat  
----------
 \x616263
(1 row)

-- five arguments
SELECT utl_raw.concat('\x61'::raw, '\x62'::raw, '\x63'::raw, '\x64'::raw, '\x65'::raw);
    concat    
--------------
 \x6162636465
(1 row)

-- empty element is kept (zero bytes, not NULL)
SELECT utl_raw.concat('\x61'::raw, '\x'::raw, '\x63'::raw);
 concat 
--------
 \x6163
(1 row)

-- NULL element is skipped (Oracle behavior)
SELECT utl_raw.concat('\x61'::raw, NULL::raw, '\x63'::raw);
 concat 
--------
 \x6163
(1 row)

-- leading NULL skipped
SELECT utl_raw.concat(NULL::raw, '\x62'::raw, '\x63'::raw);
 concat 
--------
 \x6263
(1 row)

-- trailing NULL skipped
SELECT utl_raw.concat('\x61'::raw, '\x62'::raw, NULL::raw);
 concat 
--------
 \x6162
(1 row)

-- all-NULL arguments → empty raw
SELECT utl_raw.concat(NULL::raw, NULL::raw, NULL::raw);
 concat 
--------
 \x
(1 row)

-- concat results of cast_to_raw
SELECT utl_raw.concat(
    utl_raw.cast_to_raw('foo'),
    utl_raw.cast_to_raw('bar')
);
     concat     
----------------
 \x666f6f626172
(1 row)

-- concat single-byte values to form a known word
SELECT utl_raw.cast_to_varchar2(
    utl_raw.concat('\x48'::raw, '\x65'::raw, '\x6c'::raw, '\x6c'::raw, '\x6f'::raw)
);
 cast_to_varchar2 
------------------
 Hello
(1 row)

-- ============================================================
-- utl_raw.convert(raw, to_charset, from_charset) → raw
-- ============================================================
-- same encoding: no-op (ASCII is identical in all common encodings)
SELECT utl_raw.convert('\x616263'::raw, 'UTF8', 'UTF8');
   convert    
--------------
 \x6162637e10
(1 row)

-- Oracle-style source name: AL32UTF8 maps to UTF8
SELECT utl_raw.convert('\x616263'::raw, 'UTF8', 'AL32UTF8');
   convert    
--------------
 \x6162637e10
(1 row)

-- Oracle-style target name: ZHS16GBK maps to GBK
-- 你 = U+4F60, UTF-8 = E4 BD A0, GBK = C4 E3
SELECT utl_raw.convert('\xe4bda0'::raw, 'ZHS16GBK', 'UTF8');
 convert 
---------
 \xc4e3
(1 row)

-- charset names are case-insensitive
SELECT utl_raw.convert('\x616263'::raw, 'utf8', 'UTF8');
   convert    
--------------
 \x6162637e10
(1 row)

-- empty input → empty output
SELECT utl_raw.convert('\x'::raw, 'UTF8', 'UTF8');
   convert    
--------------
 \x7e7f7f7f10
(1 row)

-- NULL → NULL (STRICT)
SELECT utl_raw.convert(NULL::raw, 'UTF8', 'UTF8');
 convert 
---------
 (null)
(1 row)

-- UTF-8 → GBK: 你 (U+4F60, \xe4bda0) → GBK C4 E3 (\xc4e3)
SELECT utl_raw.convert('\xe4bda0'::raw, 'GBK', 'UTF8');
 convert 
---------
 \xc4e3
(1 row)

-- GBK → UTF-8: round-trip verification
SELECT utl_raw.convert('\xc4e3'::raw, 'UTF8', 'GBK');
 convert  
----------
 \xe4bda0
(1 row)

-- round-trip: UTF8 → GBK → UTF8 returns the original bytes
SELECT utl_raw.convert(
    utl_raw.convert('\xe4bda0'::raw, 'GBK', 'UTF8'),
    'UTF8', 'GBK'
) = '\xe4bda0'::raw;
 ?column? 
----------
 t
(1 row)

-- UTF-8 → GBK: 你好 (U+4F60 U+597D)
-- 你 = E4 BD A0 → C4 E3
-- 好 = E5 A5 BD → BA C3
SELECT utl_raw.convert('\xe4bda0e5a5bd'::raw, 'GBK', 'UTF8');
  convert   
------------
 \xc4e3bac3
(1 row)

-- error: invalid from_charset
SELECT utl_raw.convert('\x616263'::raw, 'UTF8', 'NOSUCHENCODING');
ERROR:  UTL_RAW.CONVERT: invalid source character set "NOSUCHENCODING"
-- error: invalid to_charset
SELECT utl_raw.convert('\x616263'::raw, 'NOSUCHENCODING', 'UTF8');
ERROR:  UTL_RAW.CONVERT: invalid destination character set "NOSUCHENCODING"
-- ============================================================
-- Cleanup
-- ============================================================
DROP EXTENSION orafce_ext;
DROP EXTENSION orafce CASCADE;
